Java HotSpot(TM) 64-Bit Server VM (25.291-b10) for windows-amd64 JRE (1.8.0_291-b10), built on Apr  9 2021 00:02:00 by "java_re" with MS VC++ 15.9 (VS2017)
Memory: 4k page, physical 8268856k(645588k free), swap 17216948k(2684124k free)
CommandLine flags: -XX:-BytecodeVerificationLocal -XX:-BytecodeVerificationRemote -XX:CompressedClassSpaceSize=125829120 -XX:InitialHeapSize=8388608 -XX:+ManagementServer -XX:MaxHeapSize=16777216 -XX:MaxMetaspaceSize=134217728 -XX:+PrintGC -XX:+PrintGCDateStamps -XX:+PrintGCDetails -XX:+PrintGCTimeStamps -XX:TieredStopAtLevel=1 -XX:+UseCompressedClassPointers -XX:+UseCompressedOops -XX:-UseLargePagesIndividualAllocation -XX:+UseParallelGC 
2025-03-30T09:44:30.930+0800: 1.940: [GC (Allocation Failure) [PSYoungGen: 1532K->504K(2048K)] 1532K->712K(7680K), 0.0014914 secs] [Times: user=0.00 sys=0.00, real=0.00 secs] 
2025-03-30T09:44:31.050+0800: 2.059: [GC (Allocation Failure) [PSYoungGen: 2033K->504K(2048K)] 2241K->864K(7680K), 0.0013370 secs] [Times: user=0.00 sys=0.00, real=0.00 secs] 
2025-03-30T09:44:31.126+0800: 2.135: [GC (Allocation Failure) [PSYoungGen: 2040K->504K(2048K)] 2400K->1072K(7680K), 0.0012131 secs] [Times: user=0.00 sys=0.00, real=0.00 secs] 
2025-03-30T09:44:31.203+0800: 2.213: [GC (Allocation Failure) [PSYoungGen: 2040K->504K(2048K)] 2608K->1309K(7680K), 0.0014704 secs] [Times: user=0.00 sys=0.00, real=0.00 secs] 
2025-03-30T09:44:31.630+0800: 2.639: [GC (Allocation Failure) [PSYoungGen: 2027K->504K(2048K)] 2833K->1626K(7680K), 0.0015943 secs] [Times: user=0.00 sys=0.00, real=0.00 secs] 
2025-03-30T09:44:31.675+0800: 2.685: [GC (Allocation Failure) [PSYoungGen: 2040K->600K(2560K)] 3162K->1730K(8192K), 0.0014928 secs] [Times: user=0.00 sys=0.00, real=0.00 secs] 
2025-03-30T09:44:31.732+0800: 2.742: [GC (Allocation Failure) [PSYoungGen: 2136K->384K(2560K)] 3266K->1909K(8192K), 0.0024402 secs] [Times: user=0.00 sys=0.00, real=0.00 secs] 
2025-03-30T09:44:31.784+0800: 2.794: [GC (Allocation Failure) [PSYoungGen: 1897K->448K(4096K)] 3422K->2053K(9728K), 0.0012644 secs] [Times: user=0.00 sys=0.00, real=0.00 secs] 
2025-03-30T09:44:31.898+0800: 2.907: [GC (Allocation Failure) [PSYoungGen: 3520K->894K(4096K)] 5125K->2611K(9728K), 0.0014461 secs] [Times: user=0.00 sys=0.00, real=0.00 secs] 
2025-03-30T09:44:32.044+0800: 3.054: [GC (Allocation Failure) [PSYoungGen: 3966K->992K(3072K)] 5683K->2981K(8704K), 0.0021622 secs] [Times: user=0.00 sys=0.00, real=0.00 secs] 
2025-03-30T09:44:32.081+0800: 3.090: [GC (Allocation Failure) [PSYoungGen: 3032K->411K(3584K)] 5021K->3082K(9216K), 0.0019291 secs] [Times: user=0.00 sys=0.00, real=0.00 secs] 
2025-03-30T09:44:32.162+0800: 3.172: [GC (Allocation Failure) [PSYoungGen: 2459K->436K(3584K)] 5130K->3205K(9216K), 0.0010103 secs] [Times: user=0.00 sys=0.00, real=0.00 secs] 
2025-03-30T09:44:32.209+0800: 3.219: [GC (Allocation Failure) [PSYoungGen: 2484K->467K(3584K)] 5253K->3431K(9216K), 0.0011592 secs] [Times: user=0.00 sys=0.00, real=0.00 secs] 
2025-03-30T09:44:32.257+0800: 3.267: [GC (Allocation Failure) [PSYoungGen: 2515K->492K(3584K)] 5479K->3566K(9216K), 0.0014999 secs] [Times: user=0.00 sys=0.00, real=0.00 secs] 
2025-03-30T09:44:32.302+0800: 3.311: [GC (Allocation Failure) [PSYoungGen: 2540K->461K(3584K)] 5614K->3615K(9216K), 0.0009721 secs] [Times: user=0.00 sys=0.00, real=0.00 secs] 
2025-03-30T09:44:32.337+0800: 3.347: [GC (Allocation Failure) [PSYoungGen: 2509K->480K(2560K)] 5663K->3744K(8192K), 0.0022112 secs] [Times: user=0.00 sys=0.01, real=0.00 secs] 
2025-03-30T09:44:32.391+0800: 3.401: [GC (Allocation Failure) [PSYoungGen: 2528K->384K(3072K)] 5792K->3789K(8704K), 0.0011217 secs] [Times: user=0.00 sys=0.00, real=0.00 secs] 
2025-03-30T09:44:32.447+0800: 3.457: [GC (Allocation Failure) [PSYoungGen: 2432K->416K(4096K)] 5837K->3964K(9728K), 0.0016284 secs] [Times: user=0.03 sys=0.00, real=0.00 secs] 
2025-03-30T09:44:32.498+0800: 3.508: [GC (Allocation Failure) [PSYoungGen: 3488K->480K(4096K)] 7036K->4204K(9728K), 0.0016133 secs] [Times: user=0.00 sys=0.00, real=0.00 secs] 
2025-03-30T09:44:32.572+0800: 3.582: [GC (Allocation Failure) [PSYoungGen: 3552K->384K(4096K)] 7276K->4244K(9728K), 0.0013758 secs] [Times: user=0.02 sys=0.00, real=0.00 secs] 
2025-03-30T09:44:32.664+0800: 3.674: [GC (Allocation Failure) [PSYoungGen: 3437K->672K(4096K)] 7298K->4708K(9728K), 0.0015522 secs] [Times: user=0.00 sys=0.00, real=0.00 secs] 
2025-03-30T09:44:32.710+0800: 3.720: [GC (Allocation Failure) [PSYoungGen: 3744K->648K(4096K)] 7780K->4995K(9728K), 0.0027168 secs] [Times: user=0.00 sys=0.00, real=0.00 secs] 
2025-03-30T09:44:32.786+0800: 3.796: [GC (Allocation Failure) [PSYoungGen: 3720K->530K(4096K)] 8067K->5032K(9728K), 0.0015034 secs] [Times: user=0.00 sys=0.00, real=0.00 secs] 
2025-03-30T09:44:32.835+0800: 3.846: [GC (Allocation Failure) [PSYoungGen: 3602K->528K(4096K)] 8104K->5190K(9728K), 0.0011814 secs] [Times: user=0.00 sys=0.00, real=0.00 secs] 
2025-03-30T09:44:32.885+0800: 3.895: [GC (Allocation Failure) [PSYoungGen: 3600K->576K(4096K)] 8262K->5477K(9728K), 0.0017550 secs] [Times: user=0.09 sys=0.03, real=0.00 secs] 
2025-03-30T09:44:32.929+0800: 3.939: [GC (Allocation Failure) [PSYoungGen: 3648K->659K(4096K)] 8549K->5712K(9728K), 0.0013392 secs] [Times: user=0.00 sys=0.00, real=0.00 secs] 
2025-03-30T09:44:32.948+0800: 3.958: [GC (Allocation Failure) [PSYoungGen: 3731K->668K(4096K)] 8784K->5981K(9728K), 0.0014520 secs] [Times: user=0.11 sys=0.02, real=0.00 secs] 
2025-03-30T09:44:32.950+0800: 3.960: [Full GC (Ergonomics) [PSYoungGen: 668K->0K(4096K)] [ParOldGen: 5313K->4782K(7680K)] 5981K->4782K(11776K), [Metaspace: 15172K->15172K(1062912K)], 0.0485346 secs] [Times: user=0.06 sys=0.00, real=0.05 secs] 
2025-03-30T09:44:33.035+0800: 4.045: [GC (Allocation Failure) [PSYoungGen: 3072K->582K(4096K)] 7854K->5372K(11776K), 0.0014746 secs] [Times: user=0.00 sys=0.00, real=0.00 secs] 
2025-03-30T09:44:33.074+0800: 4.085: [GC (Allocation Failure) [PSYoungGen: 3654K->620K(4096K)] 8444K->5515K(11776K), 0.0011094 secs] [Times: user=0.00 sys=0.00, real=0.00 secs] 
2025-03-30T09:44:33.114+0800: 4.124: [GC (Allocation Failure) [PSYoungGen: 3692K->679K(4096K)] 8587K->5669K(11776K), 0.0015025 secs] [Times: user=0.00 sys=0.00, real=0.00 secs] 
2025-03-30T09:44:33.156+0800: 4.166: [GC (Allocation Failure) [PSYoungGen: 3751K->663K(4096K)] 8741K->5781K(11776K), 0.0016548 secs] [Times: user=0.00 sys=0.00, real=0.00 secs] 
2025-03-30T09:44:33.200+0800: 4.210: [GC (Allocation Failure) [PSYoungGen: 3735K->634K(4096K)] 8853K->5849K(11776K), 0.0020621 secs] [Times: user=0.00 sys=0.00, real=0.00 secs] 
2025-03-30T09:44:33.233+0800: 4.243: [GC (Allocation Failure) [PSYoungGen: 3706K->530K(4096K)] 8921K->5829K(11776K), 0.0015052 secs] [Times: user=0.00 sys=0.00, real=0.00 secs] 
2025-03-30T09:44:33.279+0800: 4.289: [GC (Allocation Failure) [PSYoungGen: 3602K->571K(4096K)] 8901K->5982K(11776K), 0.0012547 secs] [Times: user=0.00 sys=0.00, real=0.00 secs] 
2025-03-30T09:44:33.318+0800: 4.328: [GC (Allocation Failure) [PSYoungGen: 3643K->608K(4096K)] 9054K->6154K(11776K), 0.0010825 secs] [Times: user=0.00 sys=0.00, real=0.00 secs] 
2025-03-30T09:44:33.380+0800: 4.391: [GC (Allocation Failure) [PSYoungGen: 3680K->544K(4096K)] 9226K->6202K(11776K), 0.0019779 secs] [Times: user=0.00 sys=0.00, real=0.00 secs] 
2025-03-30T09:44:33.480+0800: 4.490: [GC (Allocation Failure) [PSYoungGen: 3616K->507K(4096K)] 9274K->6312K(11776K), 0.0015994 secs] [Times: user=0.00 sys=0.00, real=0.00 secs] 
2025-03-30T09:44:33.611+0800: 4.621: [GC (Allocation Failure) [PSYoungGen: 3579K->564K(4096K)] 9384K->6497K(11776K), 0.0025423 secs] [Times: user=0.00 sys=0.00, real=0.00 secs] 
2025-03-30T09:44:33.672+0800: 4.681: [GC (Allocation Failure) [PSYoungGen: 3636K->983K(4096K)] 9569K->7012K(11776K), 0.0018900 secs] [Times: user=0.00 sys=0.00, real=0.00 secs] 
2025-03-30T09:44:33.731+0800: 4.741: [GC (Allocation Failure) [PSYoungGen: 4036K->445K(4096K)] 10065K->7150K(11776K), 0.0017504 secs] [Times: user=0.00 sys=0.00, real=0.00 secs] 
2025-03-30T09:44:33.784+0800: 4.794: [GC (Allocation Failure) [PSYoungGen: 3517K->352K(4096K)] 10222K->7207K(11776K), 0.0017706 secs] [Times: user=0.00 sys=0.00, real=0.00 secs] 
2025-03-30T09:44:33.842+0800: 4.852: [GC (Allocation Failure) [PSYoungGen: 3424K->1020K(3072K)] 10279K->7947K(10752K), 0.0018537 secs] [Times: user=0.00 sys=0.00, real=0.00 secs] 
2025-03-30T09:44:33.870+0800: 4.880: [GC (Allocation Failure) [PSYoungGen: 3068K->416K(3584K)] 9995K->8011K(11264K), 0.0015591 secs] [Times: user=0.05 sys=0.06, real=0.00 secs] 
2025-03-30T09:44:33.871+0800: 4.882: [Full GC (Ergonomics) [PSYoungGen: 416K->0K(3584K)] [ParOldGen: 7595K->6710K(11264K)] 8011K->6710K(14848K), [Metaspace: 19873K->19873K(1067008K)], 0.0579750 secs] [Times: user=0.27 sys=0.00, real=0.06 secs] 
2025-03-30T09:44:33.971+0800: 4.981: [GC (Allocation Failure) [PSYoungGen: 2048K->407K(2560K)] 8758K->7126K(13824K), 0.0028424 secs] [Times: user=0.00 sys=0.00, real=0.00 secs] 
2025-03-30T09:44:34.018+0800: 5.028: [GC (Allocation Failure) [PSYoungGen: 2455K->480K(3072K)] 9174K->7206K(14336K), 0.0021036 secs] [Times: user=0.00 sys=0.00, real=0.00 secs] 
2025-03-30T09:44:34.044+0800: 5.053: [GC (Allocation Failure) [PSYoungGen: 2528K->501K(3584K)] 9254K->7364K(14848K), 0.0017475 secs] [Times: user=0.00 sys=0.00, real=0.00 secs] 
2025-03-30T09:44:34.111+0800: 5.121: [GC (Allocation Failure) [PSYoungGen: 3061K->416K(3584K)] 9924K->7486K(14848K), 0.0015368 secs] [Times: user=0.00 sys=0.00, real=0.00 secs] 
2025-03-30T09:44:34.146+0800: 5.156: [GC (Allocation Failure) [PSYoungGen: 2976K->448K(4096K)] 10046K->7686K(15360K), 0.0018213 secs] [Times: user=0.00 sys=0.00, real=0.00 secs] 
2025-03-30T09:44:34.185+0800: 5.196: [GC (Allocation Failure) [PSYoungGen: 3520K->401K(4096K)] 10758K->7760K(15360K), 0.0015942 secs] [Times: user=0.00 sys=0.00, real=0.00 secs] 
2025-03-30T09:44:34.231+0800: 5.241: [GC (Allocation Failure) [PSYoungGen: 3473K->416K(4096K)] 10832K->7942K(15360K), 0.0016385 secs] [Times: user=0.00 sys=0.00, real=0.00 secs] 
2025-03-30T09:44:34.287+0800: 5.297: [GC (Allocation Failure) [PSYoungGen: 3488K->500K(4096K)] 11014K->8202K(15360K), 0.0019273 secs] [Times: user=0.00 sys=0.00, real=0.00 secs] 
2025-03-30T09:44:34.330+0800: 5.340: [GC (Allocation Failure) [PSYoungGen: 3572K->416K(4096K)] 11274K->8294K(15360K), 0.0013259 secs] [Times: user=0.00 sys=0.00, real=0.00 secs] 
2025-03-30T09:44:34.384+0800: 5.395: [GC (Allocation Failure) [PSYoungGen: 3488K->528K(4096K)] 11366K->8559K(15360K), 0.0026831 secs] [Times: user=0.06 sys=0.00, real=0.00 secs] 
2025-03-30T09:44:34.456+0800: 5.466: [GC (Allocation Failure) [PSYoungGen: 3600K->510K(4096K)] 11631K->8668K(15360K), 0.0019279 secs] [Times: user=0.00 sys=0.00, real=0.00 secs] 
2025-03-30T09:44:34.495+0800: 5.505: [GC (Allocation Failure) [PSYoungGen: 3582K->629K(4096K)] 11740K->8956K(15360K), 0.0015583 secs] [Times: user=0.11 sys=0.02, real=0.00 secs] 
2025-03-30T09:44:34.540+0800: 5.551: [GC (Allocation Failure) [PSYoungGen: 3701K->512K(4096K)] 12028K->8950K(15360K), 0.0013495 secs] [Times: user=0.02 sys=0.00, real=0.00 secs] 
2025-03-30T09:44:34.602+0800: 5.612: [GC (Allocation Failure) [PSYoungGen: 3584K->448K(4096K)] 12022K->9078K(15360K), 0.0014026 secs] [Times: user=0.00 sys=0.00, real=0.00 secs] 
2025-03-30T09:44:34.640+0800: 5.650: [GC (Allocation Failure) [PSYoungGen: 3520K->697K(4096K)] 12150K->9335K(15360K), 0.0019300 secs] [Times: user=0.00 sys=0.00, real=0.00 secs] 
2025-03-30T09:44:34.677+0800: 5.687: [GC (Allocation Failure) [PSYoungGen: 3769K->640K(4096K)] 12407K->9470K(15360K), 0.0022618 secs] [Times: user=0.00 sys=0.00, real=0.00 secs] 
2025-03-30T09:44:34.716+0800: 5.727: [GC (Allocation Failure) [PSYoungGen: 3712K->480K(4096K)] 12542K->9654K(15360K), 0.0022064 secs] [Times: user=0.00 sys=0.00, real=0.00 secs] 
2025-03-30T09:44:34.756+0800: 5.766: [GC (Allocation Failure) [PSYoungGen: 3552K->633K(4096K)] 12726K->9992K(15360K), 0.0022198 secs] [Times: user=0.00 sys=0.00, real=0.00 secs] 
2025-03-30T09:44:34.823+0800: 5.833: [GC (Allocation Failure) [PSYoungGen: 3705K->549K(4096K)] 13064K->10124K(15360K), 0.0020508 secs] [Times: user=0.11 sys=0.00, real=0.00 secs] 
2025-03-30T09:44:34.888+0800: 5.898: [GC (Allocation Failure) [PSYoungGen: 3621K->502K(4096K)] 13196K->10188K(15360K), 0.0020275 secs] [Times: user=0.00 sys=0.00, real=0.00 secs] 
2025-03-30T09:44:34.988+0800: 5.998: [GC (Allocation Failure) [PSYoungGen: 3574K->642K(4096K)] 13260K->10416K(15360K), 0.0027775 secs] [Times: user=0.00 sys=0.00, real=0.00 secs] 
2025-03-30T09:44:35.119+0800: 6.129: [GC (Allocation Failure) [PSYoungGen: 3714K->643K(4096K)] 13488K->10705K(15360K), 0.0019243 secs] [Times: user=0.02 sys=0.00, real=0.00 secs] 
2025-03-30T09:44:35.199+0800: 6.209: [GC (Allocation Failure) [PSYoungGen: 3715K->960K(4096K)] 13777K->11030K(15360K), 0.0017028 secs] [Times: user=0.00 sys=0.00, real=0.00 secs] 
2025-03-30T09:44:35.257+0800: 6.267: [GC (Allocation Failure) [PSYoungGen: 4032K->896K(4096K)] 14102K->10974K(15360K), 0.0019747 secs] [Times: user=0.00 sys=0.00, real=0.00 secs] 
2025-03-30T09:44:35.332+0800: 6.342: [GC (Allocation Failure) [PSYoungGen: 3968K->1024K(3072K)] 14046K->11277K(14336K), 0.0024670 secs] [Times: user=0.00 sys=0.00, real=0.00 secs] 
2025-03-30T09:44:35.429+0800: 6.439: [GC (Allocation Failure) [PSYoungGen: 3072K->690K(3584K)] 13325K->11544K(14848K), 0.0030062 secs] [Times: user=0.00 sys=0.00, real=0.00 secs] 
2025-03-30T09:44:35.432+0800: 6.442: [Full GC (Ergonomics) [PSYoungGen: 690K->0K(3584K)] [ParOldGen: 10853K->8859K(11264K)] 11544K->8859K(14848K), [Metaspace: 24446K->24446K(1073152K)], 0.0846555 secs] [Times: user=0.36 sys=0.00, real=0.09 secs] 
2025-03-30T09:44:35.633+0800: 6.643: [GC (Allocation Failure) [PSYoungGen: 2048K->502K(3584K)] 10907K->9362K(14848K), 0.0018756 secs] [Times: user=0.00 sys=0.00, real=0.00 secs] 
2025-03-30T09:44:35.682+0800: 6.692: [GC (Allocation Failure) [PSYoungGen: 2538K->583K(3584K)] 11398K->9443K(14848K), 0.0024076 secs] [Times: user=0.03 sys=0.00, real=0.00 secs] 
2025-03-30T09:44:35.740+0800: 6.749: [GC (Allocation Failure) [PSYoungGen: 2631K->756K(3584K)] 11491K->9616K(14848K), 0.0021514 secs] [Times: user=0.00 sys=0.00, real=0.00 secs] 
2025-03-30T09:44:35.825+0800: 6.835: [GC (Allocation Failure) [PSYoungGen: 2804K->748K(3584K)] 11664K->9608K(14848K), 0.0017355 secs] [Times: user=0.00 sys=0.00, real=0.00 secs] 
2025-03-30T09:44:35.931+0800: 6.941: [GC (Allocation Failure) [PSYoungGen: 2796K->950K(3584K)] 11656K->9810K(14848K), 0.0025611 secs] [Times: user=0.00 sys=0.00, real=0.00 secs] 
2025-03-30T09:44:36.092+0800: 7.102: [GC (Allocation Failure) [PSYoungGen: 2998K->864K(3584K)] 11858K->9732K(14848K), 0.0025042 secs] [Times: user=0.00 sys=0.00, real=0.00 secs] 
2025-03-30T09:44:36.105+0800: 7.115: [GC (Allocation Failure) [PSYoungGen: 2912K->832K(3584K)] 11780K->9708K(14848K), 0.0022039 secs] [Times: user=0.00 sys=0.00, real=0.00 secs] 
2025-03-30T09:44:36.149+0800: 7.158: [GC (Allocation Failure) [PSYoungGen: 2880K->928K(3584K)] 11756K->9812K(14848K), 0.0015957 secs] [Times: user=0.00 sys=0.00, real=0.00 secs] 
2025-03-30T09:44:36.275+0800: 7.285: [GC (Allocation Failure) [PSYoungGen: 2976K->1045K(3584K)] 11860K->10041K(14848K), 0.0021472 secs] [Times: user=0.00 sys=0.00, real=0.00 secs] 
2025-03-30T09:44:36.336+0800: 7.347: [GC (Allocation Failure) [PSYoungGen: 3093K->890K(3584K)] 12089K->10102K(14848K), 0.0027436 secs] [Times: user=0.02 sys=0.00, real=0.00 secs] 
2025-03-30T09:44:36.386+0800: 7.396: [GC (Allocation Failure) [PSYoungGen: 2938K->948K(3584K)] 12150K->10304K(14848K), 0.0024272 secs] [Times: user=0.13 sys=0.00, real=0.00 secs] 
2025-03-30T09:44:36.466+0800: 7.476: [GC (Allocation Failure) [PSYoungGen: 2996K->896K(3584K)] 12352K->10380K(14848K), 0.0016737 secs] [Times: user=0.00 sys=0.00, real=0.00 secs] 
2025-03-30T09:44:36.535+0800: 7.544: [GC (Allocation Failure) [PSYoungGen: 2944K->852K(3584K)] 12428K->10544K(14848K), 0.0023676 secs] [Times: user=0.00 sys=0.00, real=0.00 secs] 
2025-03-30T09:44:36.562+0800: 7.571: [GC (Allocation Failure) [PSYoungGen: 2900K->1024K(3584K)] 12592K->10724K(14848K), 0.0022703 secs] [Times: user=0.00 sys=0.00, real=0.00 secs] 
2025-03-30T09:44:36.610+0800: 7.619: [GC (Allocation Failure) [PSYoungGen: 3072K->1172K(3584K)] 12772K->10960K(14848K), 0.0021055 secs] [Times: user=0.00 sys=0.00, real=0.00 secs] 
2025-03-30T09:44:36.645+0800: 7.654: [GC (Allocation Failure) [PSYoungGen: 3220K->1348K(3584K)] 13008K->11204K(14848K), 0.0026294 secs] [Times: user=0.00 sys=0.00, real=0.00 secs] 
2025-03-30T09:44:36.708+0800: 7.718: [GC (Allocation Failure) [PSYoungGen: 3396K->1152K(3584K)] 13252K->11211K(14848K), 0.0028072 secs] [Times: user=0.00 sys=0.00, real=0.00 secs] 
2025-03-30T09:44:36.831+0800: 7.840: [GC (Allocation Failure) [PSYoungGen: 3200K->992K(3584K)] 13259K->11315K(14848K), 0.0023879 secs] [Times: user=0.00 sys=0.00, real=0.00 secs] 
2025-03-30T09:44:36.859+0800: 7.869: [GC (Allocation Failure) [PSYoungGen: 3040K->928K(3584K)] 13363K->11435K(14848K), 0.0022337 secs] [Times: user=0.00 sys=0.00, real=0.00 secs] 
2025-03-30T09:44:36.903+0800: 7.913: [GC (Allocation Failure) [PSYoungGen: 2976K->800K(3584K)] 13483K->11683K(14848K), 0.0026088 secs] [Times: user=0.00 sys=0.00, real=0.00 secs] 
2025-03-30T09:44:36.906+0800: 7.916: [Full GC (Ergonomics) [PSYoungGen: 800K->0K(3584K)] [ParOldGen: 10883K->10804K(11264K)] 11683K->10804K(14848K), [Metaspace: 27745K->27745K(1075200K)], 0.0848684 secs] [Times: user=0.39 sys=0.02, real=0.09 secs] 
2025-03-30T09:44:37.036+0800: 8.046: [GC (Allocation Failure) [PSYoungGen: 2048K->357K(3584K)] 12852K->11169K(14848K), 0.0021158 secs] [Times: user=0.00 sys=0.00, real=0.00 secs] 
2025-03-30T09:44:37.075+0800: 8.086: [GC (Allocation Failure) [PSYoungGen: 2405K->622K(3584K)] 13217K->11434K(14848K), 0.0024435 secs] [Times: user=0.00 sys=0.00, real=0.00 secs] 
2025-03-30T09:44:37.110+0800: 8.121: [GC (Allocation Failure) [PSYoungGen: 2667K->808K(3584K)] 13479K->11628K(14848K), 0.0018784 secs] [Times: user=0.00 sys=0.00, real=0.00 secs] 
2025-03-30T09:44:37.137+0800: 8.146: [GC (Allocation Failure) [PSYoungGen: 2848K->969K(3584K)] 13668K->11789K(14848K), 0.0026150 secs] [Times: user=0.00 sys=0.00, real=0.00 secs] 
2025-03-30T09:44:37.200+0800: 8.210: [GC (Allocation Failure) [PSYoungGen: 3017K->756K(3584K)] 13837K->11832K(14848K), 0.0025130 secs] [Times: user=0.00 sys=0.00, real=0.00 secs] 
2025-03-30T09:44:37.203+0800: 8.213: [Full GC (Ergonomics) [PSYoungGen: 756K->210K(3584K)] [ParOldGen: 11076K->11129K(11264K)] 11832K->11339K(14848K), [Metaspace: 28528K->28512K(1075200K)], 0.1348134 secs] [Times: user=0.28 sys=0.00, real=0.13 secs] 
2025-03-30T09:44:37.447+0800: 8.456: [Full GC (Ergonomics) [PSYoungGen: 2258K->0K(3584K)] [ParOldGen: 11129K->11027K(11264K)] 13387K->11027K(14848K), [Metaspace: 28737K->28737K(1075200K)], 0.1017628 secs] [Times: user=0.50 sys=0.03, real=0.10 secs] 
2025-03-30T09:44:37.631+0800: 8.641: [Full GC (Ergonomics) [PSYoungGen: 2048K->0K(3584K)] [ParOldGen: 11027K->11081K(11264K)] 13075K->11081K(14848K), [Metaspace: 28926K->28926K(1077248K)], 0.0286044 secs] [Times: user=0.13 sys=0.00, real=0.03 secs] 
2025-03-30T09:44:37.713+0800: 8.723: [Full GC (Ergonomics) [PSYoungGen: 2048K->0K(3584K)] [ParOldGen: 11081K->11199K(11264K)] 13129K->11199K(14848K), [Metaspace: 29083K->29083K(1077248K)], 0.0326415 secs] [Times: user=0.23 sys=0.00, real=0.03 secs] 
2025-03-30T09:44:37.820+0800: 8.829: [Full GC (Ergonomics) [PSYoungGen: 2048K->84K(3584K)] [ParOldGen: 11199K->11256K(11264K)] 13247K->11340K(14848K), [Metaspace: 29227K->29227K(1077248K)], 0.1586264 secs] [Times: user=0.66 sys=0.02, real=0.16 secs] 
2025-03-30T09:44:38.036+0800: 9.045: [Full GC (Ergonomics) [PSYoungGen: 2048K->118K(3584K)] [ParOldGen: 11256K->11255K(11264K)] 13304K->11373K(14848K), [Metaspace: 29406K->29406K(1077248K)], 0.0964618 secs] [Times: user=0.52 sys=0.00, real=0.10 secs] 
2025-03-30T09:44:38.172+0800: 9.182: [Full GC (Ergonomics) [PSYoungGen: 2045K->316K(3584K)] [ParOldGen: 11255K->11183K(11264K)] 13301K->11500K(14848K), [Metaspace: 29522K->29522K(1077248K)], 0.0908736 secs] [Times: user=0.39 sys=0.00, real=0.09 secs] 
2025-03-30T09:44:38.313+0800: 9.323: [Full GC (Ergonomics) [PSYoungGen: 2048K->432K(3584K)] [ParOldGen: 11183K->11137K(11264K)] 13231K->11569K(14848K), [Metaspace: 29655K->29644K(1077248K)], 0.1081103 secs] [Times: user=0.20 sys=0.02, real=0.11 secs] 
2025-03-30T09:44:38.452+0800: 9.461: [Full GC (Ergonomics) [PSYoungGen: 2048K->469K(3584K)] [ParOldGen: 11137K->10949K(11264K)] 13185K->11418K(14848K), [Metaspace: 29747K->29747K(1077248K)], 0.0952398 secs] [Times: user=0.22 sys=0.00, real=0.10 secs] 
2025-03-30T09:44:38.569+0800: 9.578: [Full GC (Ergonomics) [PSYoungGen: 2048K->473K(3584K)] [ParOldGen: 10949K->10885K(11264K)] 12997K->11358K(14848K), [Metaspace: 29811K->29807K(1077248K)], 0.0890040 secs] [Times: user=0.58 sys=0.00, real=0.09 secs] 
2025-03-30T09:44:38.684+0800: 9.694: [Full GC (Ergonomics) [PSYoungGen: 2048K->592K(3584K)] [ParOldGen: 10885K->10863K(11264K)] 12933K->11456K(14848K), [Metaspace: 29872K->29872K(1077248K)], 0.0877975 secs] [Times: user=0.41 sys=0.00, real=0.09 secs] 
2025-03-30T09:44:38.827+0800: 9.837: [Full GC (Ergonomics) [PSYoungGen: 2048K->674K(3584K)] [ParOldGen: 10863K->10848K(11264K)] 12911K->11522K(14848K), [Metaspace: 30014K->30006K(1077248K)], 0.0995061 secs] [Times: user=0.31 sys=0.00, real=0.10 secs] 
2025-03-30T09:44:38.948+0800: 9.958: [Full GC (Ergonomics) [PSYoungGen: 2048K->692K(3584K)] [ParOldGen: 10848K->10824K(11264K)] 12896K->11516K(14848K), [Metaspace: 30038K->30019K(1077248K)], 0.0883967 secs] [Times: user=0.38 sys=0.00, real=0.09 secs] 
2025-03-30T09:44:39.072+0800: 10.081: [GC (Allocation Failure) [PSYoungGen: 2048K->992K(3584K)] 12872K->11824K(14848K), 0.0031299 secs] [Times: user=0.02 sys=0.02, real=0.00 secs] 
2025-03-30T09:44:39.110+0800: 10.119: [GC (Allocation Failure) [PSYoungGen: 3040K->1120K(3584K)] 13872K->11960K(14848K), 0.0024789 secs] [Times: user=0.00 sys=0.00, real=0.00 secs] 
2025-03-30T09:44:39.262+0800: 10.272: [GC (Allocation Failure) [PSYoungGen: 3168K->1248K(3584K)] 14008K->12096K(14848K), 0.0027425 secs] [Times: user=0.00 sys=0.00, real=0.00 secs] 
2025-03-30T09:44:39.824+0800: 10.834: [GC (Allocation Failure) [PSYoungGen: 3296K->1280K(3584K)] 14144K->12136K(14848K), 0.0030791 secs] [Times: user=0.00 sys=0.00, real=0.00 secs] 
2025-03-30T09:44:40.572+0800: 11.581: [GC (Allocation Failure) --[PSYoungGen: 3328K->3328K(3584K)] 14184K->14584K(14848K), 0.1226495 secs] [Times: user=0.06 sys=0.05, real=0.12 secs] 
2025-03-30T09:44:40.695+0800: 11.704: [Full GC (Ergonomics) [PSYoungGen: 3328K->0K(3584K)] [ParOldGen: 11256K->11143K(11264K)] 14584K->11143K(14848K), [Metaspace: 30709K->30679K(1077248K)], 0.1156452 secs] [Times: user=0.42 sys=0.02, real=0.12 secs] 
2025-03-30T09:44:40.930+0800: 11.940: [Full GC (Ergonomics) [PSYoungGen: 2048K->0K(3584K)] [ParOldGen: 11143K->11247K(11264K)] 13191K->11247K(14848K), [Metaspace: 30813K->30790K(1079296K)], 0.2945351 secs] [Times: user=0.42 sys=0.03, real=0.29 secs] 
2025-03-30T09:44:41.284+0800: 12.293: [Full GC (Ergonomics) [PSYoungGen: 2048K->155K(3584K)] [ParOldGen: 11247K->11251K(11264K)] 13295K->11407K(14848K), [Metaspace: 30989K->30989K(1079296K)], 0.0933569 secs] [Times: user=0.28 sys=0.00, real=0.09 secs] 
2025-03-30T09:44:41.419+0800: 12.428: [Full GC (Ergonomics) [PSYoungGen: 2048K->155K(3584K)] [ParOldGen: 11251K->11255K(11264K)] 13299K->11410K(14848K), [Metaspace: 31168K->31168K(1079296K)], 0.1150607 secs] [Times: user=0.53 sys=0.02, real=0.12 secs] 
2025-03-30T09:44:41.576+0800: 12.586: [Full GC (Ergonomics) [PSYoungGen: 2048K->352K(3584K)] [ParOldGen: 11255K->11205K(11264K)] 13303K->11558K(14848K), [Metaspace: 31376K->31376K(1079296K)], 0.0316826 secs] [Times: user=0.14 sys=0.00, real=0.03 secs] 
2025-03-30T09:44:41.634+0800: 12.644: [Full GC (Ergonomics) [PSYoungGen: 2044K->401K(3584K)] [ParOldGen: 11205K->11168K(11264K)] 13250K->11569K(14848K), [Metaspace: 31570K->31570K(1079296K)], 0.0752593 secs] [Times: user=0.39 sys=0.01, real=0.08 secs] 
2025-03-30T09:44:41.755+0800: 12.765: [Full GC (Ergonomics) [PSYoungGen: 2048K->485K(3584K)] [ParOldGen: 11168K->11150K(11264K)] 13216K->11635K(14848K), [Metaspace: 31770K->31770K(1079296K)], 0.0648511 secs] [Times: user=0.27 sys=0.00, real=0.06 secs] 
Heap
 PSYoungGen      total 3584K, used 1765K [0x00000000ffb00000, 0x0000000100000000, 0x0000000100000000)
  eden space 2048K, 86% used [0x00000000ffb00000,0x00000000ffcb9538,0x00000000ffd00000)
  from space 1536K, 0% used [0x00000000ffe80000,0x00000000ffe80000,0x0000000100000000)
  to   space 1536K, 0% used [0x00000000ffd00000,0x00000000ffd00000,0x00000000ffe80000)
 ParOldGen       total 11264K, used 11150K [0x00000000ff000000, 0x00000000ffb00000, 0x00000000ffb00000)
  object space 11264K, 98% used [0x00000000ff000000,0x00000000ffae3a18,0x00000000ffb00000)
 Metaspace       used 31930K, capacity 34614K, committed 34816K, reserved 1079296K
  class space    used 4377K, capacity 4857K, committed 4864K, reserved 1048576K
